  [плотное] шаг    1  ce 2.913  открытых блоков 100%
  [плотное] шаг   50  ce 2.634  открытых блоков 100%
  [плотное] шаг  100  ce 2.623  открытых блоков 100%
  [плотное] шаг  150  ce 2.624  открытых блоков 100%
  [плотное] шаг  200  ce 2.618  открытых блоков 100%
  [плотное] шаг  250  ce 2.622  открытых блоков 100%
  [плотное] шаг  300  ce 2.621  открытых блоков 100%
  [плотное] шаг  350  ce 2.619  открытых блоков 100%
  [плотное] шаг  400  ce 2.622  открытых блоков 100%
  [плотное] шаг  450  ce 2.618  открытых блоков 100%
  [плотное] шаг  500  ce 2.608  открытых блоков 100%
  [плотное] шаг  550  ce 2.606  открытых блоков 100%
  [плотное] шаг  600  ce 2.590  открытых блоков 100%
  [плотное] ГОТОВО ce=2.59 открытых=100% параметров=1.08M 70с

  [иерархическое] шаг    1  ce 2.934  открытых блоков 33%
  [иерархическое] шаг   50  ce 2.632  открытых блоков 33%
  [иерархическое] шаг  100  ce 2.622  открытых блоков 33%
  [иерархическое] шаг  150  ce 2.622  открытых блоков 33%
  [иерархическое] шаг  200  ce 2.618  открытых блоков 33%
  [иерархическое] шаг  250  ce 2.615  открытых блоков 33%
  [иерархическое] шаг  300  ce 2.587  открытых блоков 33%
  [иерархическое] шаг  350  ce 2.517  открытых блоков 33%
  [иерархическое] шаг  400  ce 2.475  открытых блоков 33%
  [иерархическое] шаг  450  ce 2.460  открытых блоков 33%
  [иерархическое] шаг  500  ce 2.458  открытых блоков 33%
  [иерархическое] шаг  550  ce 2.453  открытых блоков 33%
  [иерархическое] шаг  600  ce 2.520  открытых блоков 33%
  [иерархическое] ГОТОВО ce=2.52 открытых=33% параметров=1.28M 166с

