  [плотное] шаг    1  ce 2.922  открытых блоков 100%
  [плотное] шаг   50  ce 2.656  открытых блоков 100%
  [плотное] шаг  100  ce 2.633  открытых блоков 100%
  [плотное] шаг  150  ce 2.631  открытых блоков 100%
  [плотное] шаг  200  ce 2.630  открытых блоков 100%
  [плотное] шаг  250  ce 2.630  открытых блоков 100%
  [плотное] шаг  300  ce 2.631  открытых блоков 100%
  [плотное] шаг  350  ce 2.630  открытых блоков 100%
  [плотное] шаг  400  ce 2.631  открытых блоков 100%
  [плотное] шаг  450  ce 2.629  открытых блоков 100%
  [плотное] шаг  500  ce 2.630  открытых блоков 100%
  [плотное] шаг  550  ce 2.630  открытых блоков 100%
  [плотное] шаг  600  ce 2.630  открытых блоков 100%
  [плотное] шаг  650  ce 2.629  открытых блоков 100%
  [плотное] шаг  700  ce 2.630  открытых блоков 100%
  [плотное] шаг  750  ce 2.630  открытых блоков 100%
  [плотное] шаг  800  ce 2.630  открытых блоков 100%
  [плотное] шаг  850  ce 2.631  открытых блоков 100%
  [плотное] шаг  900  ce 2.629  открытых блоков 100%
  [плотное] шаг  950  ce 2.629  открытых блоков 100%
  [плотное] шаг 1000  ce 2.628  открытых блоков 100%
  [плотное] ГОТОВО ce=2.628 открытых=100% параметров=1.12M 188с

  [иерархическое] шаг    1  ce 2.925  открытых блоков 41%
  [иерархическое] шаг   50  ce 2.657  открытых блоков 41%
  [иерархическое] шаг  100  ce 2.655  открытых блоков 41%
  [иерархическое] шаг  150  ce 2.633  открытых блоков 41%
  [иерархическое] шаг  200  ce 2.632  открытых блоков 41%
  [иерархическое] шаг  250  ce 2.632  открытых блоков 41%
  [иерархическое] шаг  300  ce 2.630  открытых блоков 41%
  [иерархическое] шаг  350  ce 2.631  открытых блоков 41%
  [иерархическое] шаг  400  ce 2.634  открытых блоков 41%
  [иерархическое] шаг  450  ce 2.630  открытых блоков 41%
  [иерархическое] шаг  500  ce 2.629  открытых блоков 41%
  [иерархическое] шаг  550  ce 2.631  открытых блоков 41%
  [иерархическое] шаг  600  ce 2.630  открытых блоков 41%
  [иерархическое] шаг  650  ce 2.630  открытых блоков 41%
  [иерархическое] шаг  700  ce 2.630  открытых блоков 41%
  [иерархическое] шаг  750  ce 2.631  открытых блоков 41%
  [иерархическое] шаг  800  ce 2.630  открытых блоков 41%
  [иерархическое] шаг  850  ce 2.630  открытых блоков 41%
  [иерархическое] шаг  900  ce 2.628  открытых блоков 41%
  [иерархическое] шаг  950  ce 2.631  открытых блоков 41%
  [иерархическое] шаг 1000  ce 2.629  открытых блоков 41%
  [иерархическое] ГОТОВО ce=2.629 открытых=41% параметров=1.38M 556с

