  [horizons] шаг    1 ce 2.900 линейные 73%
  [horizons] шаг   50 ce 2.641 линейные 82%
  [horizons] шаг  100 ce 2.513 линейные 81%
  [horizons] шаг  150 ce 2.431 линейные 83%
  [horizons] шаг  200 ce 2.082 линейные 72%
  [horizons] шаг  250 ce 2.116 линейные 83%
  [horizons] шаг  300 ce 2.106 линейные 69%
  [horizons] шаг  350 ce 1.944 линейные 77%
  [horizons] шаг  400 ce 1.935 линейные 75%
  [horizons] ГОТОВО ce=1.935 копия=2.098 мода=1.775 линейные=75%

  [decay_mix] шаг    1 ce 2.898 линейные 48%
  [decay_mix] шаг   50 ce 2.620 линейные 45%
  [decay_mix] шаг  100 ce 2.515 линейные 50%
  [decay_mix] шаг  150 ce 2.548 линейные 50%
  [decay_mix] шаг  200 ce 2.203 линейные 55%
  [decay_mix] шаг  250 ce 1.922 линейные 45%
  [decay_mix] шаг  300 ce 1.946 линейные 50%
  [decay_mix] шаг  350 ce 1.742 линейные 55%
  [decay_mix] шаг  400 ce 1.924 линейные 54%
  [decay_mix] ГОТОВО ce=1.924 копия=1.915 мода=1.825 линейные=54%

=== сводка ===
horizons     ce=1.935 копия=2.098 мода=1.775 линейные=75% γ=[0.9834, 0.9842, 0.9828, 0.9837]
decay_mix    ce=1.924 копия=1.915 мода=1.825 линейные=54% γ=[0.9832, 0.9805, 0.9824, 0.9822]
