=== с балансировкой (aux=0.01) ===
  [с балансировкой (aux=0.01)] шаг    1  ce 2.954  доля линейных 0.52
  [с балансировкой (aux=0.01)] шаг   25  ce 2.725  доля линейных 0.47
  [с балансировкой (aux=0.01)] шаг   50  ce 2.694  доля линейных 0.54
  [с балансировкой (aux=0.01)] шаг   75  ce 2.700  доля линейных 0.45
  [с балансировкой (aux=0.01)] шаг  100  ce 2.692  доля линейных 0.56
  [с балансировкой (aux=0.01)] шаг  125  ce 2.697  доля линейных 0.51
  [с балансировкой (aux=0.01)] шаг  150  ce 2.692  доля линейных 0.55
  [с балансировкой (aux=0.01)] шаг  175  ce 2.691  доля линейных 0.50
  [с балансировкой (aux=0.01)] шаг  200  ce 2.689  доля линейных 0.66
  [с балансировкой (aux=0.01)] шаг  225  ce 2.693  доля линейных 0.49
  [с балансировкой (aux=0.01)] шаг  250  ce 2.694  доля линейных 0.43
  [с балансировкой (aux=0.01)] шаг  275  ce 2.688  доля линейных 0.52
  [с балансировкой (aux=0.01)] шаг  300  ce 2.687  доля линейных 0.54
  [с балансировкой (aux=0.01)] ГОТОВО ce=2.687 линейных=54%

=== без балансировки (aux=0) ===
  [без балансировки (aux=0)] шаг    1  ce 2.954  доля линейных 0.52
  [без балансировки (aux=0)] шаг   25  ce 2.718  доля линейных 0.45
  [без балансировки (aux=0)] шаг   50  ce 2.698  доля линейных 0.59
  [без балансировки (aux=0)] шаг   75  ce 2.696  доля линейных 0.59
  [без балансировки (aux=0)] шаг  100  ce 2.689  доля линейных 0.47
  [без балансировки (aux=0)] шаг  125  ce 2.690  доля линейных 0.59
  [без балансировки (aux=0)] шаг  150  ce 2.691  доля линейных 0.47
  [без балансировки (aux=0)] шаг  175  ce 2.691  доля линейных 0.59
  [без балансировки (aux=0)] шаг  200  ce 2.688  доля линейных 0.59
  [без балансировки (aux=0)] шаг  225  ce 2.694  доля линейных 0.58
  [без балансировки (aux=0)] шаг  250  ce 2.688  доля линейных 0.58
  [без балансировки (aux=0)] шаг  275  ce 2.688  доля линейных 0.59
  [без балансировки (aux=0)] шаг  300  ce 2.688  доля линейных 0.59
  [без балансировки (aux=0)] ГОТОВО ce=2.688 линейных=59%

сохранено -> results/routing_diag.json
